=== 1/5 Counting and sorting n-grams ===
Reading /home/lican/hw1_kenlm_full/train.txt
----5---10---15---20---25---30---35---40---45---50---55---60---65---70---75---80---85---90---95--100
****************************************************************************************************
Unigram tokens 5790057 types 70621
=== 2/5 Calculating and sorting adjusted counts ===
Chain sizes: 1:847452 2:746656064 3:1399980160
Statistics:
1 70621 D1=0.183979 D2=1.71306 D3+=2.52937
2 1480823 D1=0.73209 D2=1.13203 D3+=1.42376
3 3622799 D1=0.829854 D2=1.2061 D3+=1.3927
Memory estimate for binary LM:
type     MB
probing  97 assuming -p 1.5
probing 106 assuming -r models -p 1.5
trie     40 without quantization
trie     22 assuming -q 8 -b 8 quantization 
trie     37 assuming -a 22 array pointer compression
trie     19 assuming -a 22 -q 8 -b 8 array pointer compression and quantization
=== 3/5 Calculating and sorting initial probabilities ===
Chain sizes: 1:847452 2:23693168 3:72455980
=== 4/5 Calculating and writing order-interpolated probabilities ===
Chain sizes: 1:847452 2:23693168 3:72455980
=== 5/5 Writing ARPA model ===
Name:lmplz	VmPeak:2253156 kB	VmRSS:31476 kB	RSSMax:578920 kB	user:3.1467	sys:0.886759	CPU:4.03349	real:3.35946
