=== 1/5 Counting and sorting n-grams ===
Reading /home/lican/hw1_kenlm_full/train.txt
----5---10---15---20---25---30---35---40---45---50---55---60---65---70---75---80---85---90---95--100
****************************************************************************************************
Unigram tokens 5790057 types 70621
=== 2/5 Calculating and sorting adjusted counts ===
Chain sizes: 1:847452 2:88979736 3:166837008 4:266939200 5:389286336 6:533878400 7:700715392
Statistics:
1 70621 D1=0.183979 D2=1.71306 D3+=2.52937
2 1480823 D1=0.73209 D2=1.13203 D3+=1.42376
3 3622799 D1=0.857171 D2=1.22736 D3+=1.44157
4 4669096 D1=0.932984 D2=1.3354 D3+=1.53182
5 4917412 D1=0.968166 D2=1.44165 D3+=1.60093
6 4877654 D1=0.98331 D2=1.53057 D3+=1.6352
7 4739927 D1=0.971175 D2=1.53524 D3+=1.57712
Memory estimate for binary LM:
type     MB
probing 530 assuming -p 1.5
probing 643 assuming -r models -p 1.5
trie    268 without quantization
trie    146 assuming -q 8 -b 8 quantization 
trie    232 assuming -a 22 array pointer compression
trie    109 assuming -a 22 -q 8 -b 8 array pointer compression and quantization
=== 3/5 Calculating and sorting initial probabilities ===
Chain sizes: 1:847452 2:23693168 3:72455980 4:112058304 5:137687536 6:156084928 7:170637372
=== 4/5 Calculating and writing order-interpolated probabilities ===
Chain sizes: 1:847452 2:23693168 3:72455980 4:112058304 5:137687536 6:156084928 7:170637372
=== 5/5 Writing ARPA model ===
Name:lmplz	VmPeak:2301344 kB	VmRSS:31808 kB	RSSMax:686900 kB	user:15.5474	sys:6.7338	CPU:22.2812	real:10.3003
