=== 1/5 Counting and sorting n-grams ===
Reading /home/lican/hw1_kenlm_full/train.txt
----5---10---15---20---25---30---35---40---45---50---55---60---65---70---75---80---85---90---95--100
****************************************************************************************************
Unigram tokens 5790057 types 70621
=== 2/5 Calculating and sorting adjusted counts ===
Chain sizes: 1:847452 2:62905088 3:117947040 4:188715264 5:275209792 6:377430528 7:495377568 8:629050944
Statistics:
1 70621 D1=0.183979 D2=1.71306 D3+=2.52937
2 1480823 D1=0.73209 D2=1.13203 D3+=1.42376
3 3622799 D1=0.857171 D2=1.22736 D3+=1.44157
4 4669096 D1=0.932984 D2=1.3354 D3+=1.53182
5 4917412 D1=0.968166 D2=1.44165 D3+=1.60093
6 4877654 D1=0.98331 D2=1.53057 D3+=1.6352
7 4739927 D1=0.989994 D2=1.57878 D3+=1.73084
8 4569340 D1=0.976281 D2=1.57821 D3+=1.66473
Memory estimate for binary LM:
type     MB
probing 636 assuming -p 1.5
probing 775 assuming -r models -p 1.5
trie    326 without quantization
trie    177 assuming -q 8 -b 8 quantization 
trie    280 assuming -a 22 array pointer compression
trie    131 assuming -a 22 -q 8 -b 8 array pointer compression and quantization
=== 3/5 Calculating and sorting initial probabilities ===
Chain sizes: 1:847452 2:23693168 3:72455980 4:112058304 5:137687536 6:156084928 7:170637372 8:182773600
=== 4/5 Calculating and writing order-interpolated probabilities ===
Chain sizes: 1:847452 2:23693168 3:72455980 4:112058304 5:137687536 6:156084928 7:170637372 8:182773600
=== 5/5 Writing ARPA model ===
Name:lmplz	VmPeak:2448808 kB	VmRSS:31848 kB	RSSMax:876100 kB	user:18.6858	sys:14.5259	CPU:33.2117	real:17.5083
