=== 1/5 Counting and sorting n-grams ===
Reading /home/lican/hw1_kenlm_full/train.txt
----5---10---15---20---25---30---35---40---45---50---55---60---65---70---75---80---85---90---95--100
****************************************************************************************************
Unigram tokens 5790057 types 70621
=== 2/5 Calculating and sorting adjusted counts ===
Chain sizes: 1:847452
Substituting fallback discounts for order 0: D1=0.5 D2=1 D3+=1.5
Statistics:
1 70621 D1=0.5 D2=1 D3+=1.5
Memory estimate for binary LM:
type      kB
probing 3034 assuming -p 1.5
probing 3310 assuming -r models -p 1.5
trie    2069 without quantization
trie    1869 assuming -q 8 -b 8 quantization 
trie    2069 assuming -a 22 array pointer compression
trie    1869 assuming -a 22 -q 8 -b 8 array pointer compression and quantization
=== 3/5 Calculating and sorting initial probabilities ===
Chain sizes: 1:847452
=== 4/5 Calculating and writing order-interpolated probabilities ===
Chain sizes: 1:847452
=== 5/5 Writing ARPA model ===
Name:lmplz	VmPeak:2253156 kB	VmRSS:7552 kB	RSSMax:721880 kB	user:0.393776	sys:0.359902	CPU:0.7537	real:0.706129
