=== 1/5 Counting and sorting n-grams ===
Reading /home/lican/hw1_kenlm_full/train.txt
----5---10---15---20---25---30---35---40---45---50---55---60---65---70---75---80---85---90---95--100
****************************************************************************************************
Unigram tokens 5790057 types 70621
=== 2/5 Calculating and sorting adjusted counts ===
Chain sizes: 1:847452 2:2146636160
Statistics:
1 70621 D1=0.183979 D2=1.71306 D3+=2.52937
2 1480823 D1=0.706836 D2=1.12778 D3+=1.43242
Memory estimate for binary LM:
type       kB
probing 27823 assuming -p 1.5
probing 28099 assuming -r models -p 1.5
trie    10331 without quantization
trie     6175 assuming -q 8 -b 8 quantization 
trie    10331 assuming -a 22 array pointer compression
trie     6175 assuming -a 22 -q 8 -b 8 array pointer compression and quantization
=== 3/5 Calculating and sorting initial probabilities ===
Chain sizes: 1:847452 2:23693168
=== 4/5 Calculating and writing order-interpolated probabilities ===
Chain sizes: 1:847452 2:23693168
=== 5/5 Writing ARPA model ===
Name:lmplz	VmPeak:2253160 kB	VmRSS:31332 kB	RSSMax:618032 kB	user:1.86338	sys:0.381444	CPU:2.24485	real:2.05448
